// Jest Snapshot v1, https://goo.gl/fbAQLP

exports[`<DeveloperScreen /> renders correctly 1`] = `ShallowWrapper {}`;
