// Jest Snapshot v1, https://goo.gl/fbAQLP

exports[`<LanguageSelect /> <LanguageSelect /> renders renders correctly 1`] = `
<WithStyles(ForwardRef(FormControl))
  className=""
>
  <WithStyles(ForwardRef(InputLabel))
    htmlFor="lang"
  >
    Language
  </WithStyles(ForwardRef(InputLabel))>
  <WithStyles(ForwardRef(Select))
    inputProps={
      Object {
        "id": "lang",
        "name": "lang",
      }
    }
    onChange={[Function]}
    value="en"
  >
    <WithStyles(ForwardRef(MenuItem))
      key="en"
      value="en"
    >
      <em>
        English
      </em>
    </WithStyles(ForwardRef(MenuItem))>
    <WithStyles(ForwardRef(MenuItem))
      key="fr"
      value="fr"
    >
      <em>
        Français
      </em>
    </WithStyles(ForwardRef(MenuItem))>
    <WithStyles(ForwardRef(MenuItem))
      key="ja"
      value="ja"
    >
      <em>
        日本語
      </em>
    </WithStyles(ForwardRef(MenuItem))>
    <WithStyles(ForwardRef(MenuItem))
      key="sw"
      value="sw"
    >
      <em>
        Kiswahili
      </em>
    </WithStyles(ForwardRef(MenuItem))>
  </WithStyles(ForwardRef(Select))>
</WithStyles(ForwardRef(FormControl))>
`;

exports[`<LanguageSelect /> <LanguageSelect /> renders renders correctly 2`] = `
<WithStyles(ForwardRef(FormControl))
  className=""
>
  <WithStyles(ForwardRef(InputLabel))
    htmlFor="lang"
  >
    Language
  </WithStyles(ForwardRef(InputLabel))>
  <WithStyles(ForwardRef(Select))
    inputProps={
      Object {
        "id": "lang",
        "name": "lang",
      }
    }
    onChange={[Function]}
    value="fr"
  >
    <WithStyles(ForwardRef(MenuItem))
      key="en"
      value="en"
    >
      <em>
        English
      </em>
    </WithStyles(ForwardRef(MenuItem))>
    <WithStyles(ForwardRef(MenuItem))
      key="fr"
      value="fr"
    >
      <em>
        Français
      </em>
    </WithStyles(ForwardRef(MenuItem))>
    <WithStyles(ForwardRef(MenuItem))
      key="ja"
      value="ja"
    >
      <em>
        日本語
      </em>
    </WithStyles(ForwardRef(MenuItem))>
    <WithStyles(ForwardRef(MenuItem))
      key="sw"
      value="sw"
    >
      <em>
        Kiswahili
      </em>
    </WithStyles(ForwardRef(MenuItem))>
  </WithStyles(ForwardRef(Select))>
</WithStyles(ForwardRef(FormControl))>
`;

exports[`<LanguageSelect /> <LanguageSelect /> renders renders correctly 3`] = `
<WithStyles(ForwardRef(FormControl))
  className=""
>
  <WithStyles(ForwardRef(InputLabel))
    htmlFor="lang"
  >
    Language
  </WithStyles(ForwardRef(InputLabel))>
  <WithStyles(ForwardRef(Select))
    inputProps={
      Object {
        "id": "lang",
        "name": "lang",
      }
    }
    onChange={[Function]}
    value="de"
  >
    <WithStyles(ForwardRef(MenuItem))
      key="en"
      value="en"
    >
      <em>
        English
      </em>
    </WithStyles(ForwardRef(MenuItem))>
    <WithStyles(ForwardRef(MenuItem))
      key="fr"
      value="fr"
    >
      <em>
        Français
      </em>
    </WithStyles(ForwardRef(MenuItem))>
    <WithStyles(ForwardRef(MenuItem))
      key="ja"
      value="ja"
    >
      <em>
        日本語
      </em>
    </WithStyles(ForwardRef(MenuItem))>
    <WithStyles(ForwardRef(MenuItem))
      key="sw"
      value="sw"
    >
      <em>
        Kiswahili
      </em>
    </WithStyles(ForwardRef(MenuItem))>
  </WithStyles(ForwardRef(Select))>
</WithStyles(ForwardRef(FormControl))>
`;
