// Jest Snapshot v1, https://goo.gl/fbAQLP

exports[`<App /> renders correctly 1`] = `
"<ThemeProvider theme={{...}}>
  <div>
    <Connect(ReduxToastr) transitionIn=\\"fadeIn\\" preventDuplicates={true} transitionOut=\\"fadeOut\\" />
  </div>
  <HashRouter>
    <div className=\\"app\\" style={{...}}>
      <Switch>
        <Route exact={true} path=\\"/\\" component={[Function: C]} />
        <Route exact={true} path=\\"/nearby\\" component={[Function: C]} />
        <Route exact={true} path=\\"/visit-space\\" component={[Function: C]} />
        <Route exact={true} path=\\"/load-space\\" component={[Function: C]} />
        <Route exact={true} path=\\"/settings\\" component={[Function: C]} />
        <Route exact={true} path=\\"/space/:id\\" component={[Function: C]} />
        <Route exact={true} path=\\"/developer\\" component={[Function: C]} />
      </Switch>
    </div>
  </HashRouter>
</ThemeProvider>"
`;
